OpenROAD 41a51eaf4ca2171c92ff38afb91eb37bbd3f36da 
This program is licensed under the BSD-3 license. See the LICENSE file for details.
Components of this program may be licensed under more restrictive licenses which must be honored.
[INFO]: Reading ODB at '/openlane/designs/Tensor/runs/PrePre-final_run/tmp/routing/93-fill.odb'…
define_corners Typical
read_liberty -corner Typical /home/n0b0dy/.ciel/sky130A/libs.ref/sky130_fd_sc_hd/lib/sky130_fd_sc_hd__tt_025C_1v80.lib
read_liberty -corner Typical /home/n0b0dy/.ciel/sky130A/libs.ref/sky130_sram_macros/lib/sky130_sram_1kbyte_1rw1r_8x1024_8_TT_1p8V_25C.lib
Using 1e-12 for capacitance...
Using 1e+03 for resistance...
Using 1e-09 for time...
Using 1e+00 for voltage...
Using 1e-03 for current...
Using 1e-09 for power...
Using 1e-06 for distance...
Reading design constraints file at '/openlane/designs/Tensor/runs/PrePre-final_run/tmp/86-chip_top.sdc'…
[INFO ORD-0030] Using 12 thread(s).
[INFO DRT-0149] Reading tech and libs.

Units:                1000
Number of layers:     13
Number of macros:     442
Number of vias:       25
Number of viarulegen: 25

[INFO DRT-0150] Reading design.

Design:                   chip_top
Die area:                 ( 0 0 ) ( 1202450 1037890 )
Number of track patterns: 12
Number of DEF vias:       0
Number of components:     78933
Number of terminals:      68
Number of snets:          2
Number of nets:           30131

[INFO DRT-0167] List of default vias:
  Layer mcon
    default via: L1M1_PR
  Layer via
    default via: M1M2_PR
  Layer via2
    default via: M2M3_PR
  Layer via3
    default via: M3M4_PR
  Layer via4
    default via: M4M5_PR
[INFO DRT-0162] Library cell analysis.
[INFO DRT-0163] Instance analysis.
  Complete 10000 instances.
  Complete 20000 instances.
  Complete 30000 instances.
  Complete 40000 instances.
  Complete 50000 instances.
  Complete 60000 instances.
  Complete 70000 instances.
[INFO DRT-0164] Number of unique instances = 433.
[INFO DRT-0168] Init region query.
[INFO DRT-0018]   Complete 10000 insts.
[INFO DRT-0018]   Complete 20000 insts.
[INFO DRT-0018]   Complete 30000 insts.
[INFO DRT-0018]   Complete 40000 insts.
[INFO DRT-0018]   Complete 50000 insts.
[INFO DRT-0018]   Complete 60000 insts.
[INFO DRT-0018]   Complete 70000 insts.
[INFO DRT-0024]   Complete FR_MASTERSLICE.
[INFO DRT-0024]   Complete licon.
[INFO DRT-0024]   Complete li1.
[INFO DRT-0024]   Complete mcon.
[INFO DRT-0024]   Complete met1.
[INFO DRT-0024]   Complete via.
[INFO DRT-0024]   Complete met2.
[INFO DRT-0024]   Complete via2.
[INFO DRT-0024]   Complete met3.
[INFO DRT-0024]   Complete via3.
[INFO DRT-0024]   Complete met4.
[INFO DRT-0024]   Complete via4.
[INFO DRT-0024]   Complete met5.
[INFO DRT-0033] FR_MASTERSLICE shape region query size = 0.
[INFO DRT-0033] licon shape region query size = 0.
[INFO DRT-0033] li1 shape region query size = 1057946.
[INFO DRT-0033] mcon shape region query size = 253824.
[INFO DRT-0033] met1 shape region query size = 211453.
[INFO DRT-0033] via shape region query size = 20062.
[INFO DRT-0033] met2 shape region query size = 5743.
[INFO DRT-0033] via2 shape region query size = 17196.
[INFO DRT-0033] met3 shape region query size = 8884.
[INFO DRT-0033] via3 shape region query size = 17196.
[INFO DRT-0033] met4 shape region query size = 3940.
[INFO DRT-0033] via4 shape region query size = 810.
[INFO DRT-0033] met5 shape region query size = 322.
[INFO DRT-0165] Start pin access.
[INFO DRT-0076]   Complete 100 pins.
[INFO DRT-0076]   Complete 200 pins.
[INFO DRT-0076]   Complete 300 pins.
[INFO DRT-0076]   Complete 400 pins.
[INFO DRT-0076]   Complete 500 pins.
[INFO DRT-0076]   Complete 600 pins.
[INFO DRT-0076]   Complete 700 pins.
[INFO DRT-0076]   Complete 800 pins.
[INFO DRT-0076]   Complete 900 pins.
[INFO DRT-0077]   Complete 1000 pins.
[INFO DRT-0078]   Complete 1984 pins.
[INFO DRT-0079]   Complete 100 unique inst patterns.
[INFO DRT-0079]   Complete 200 unique inst patterns.
[INFO DRT-0079]   Complete 300 unique inst patterns.
[INFO DRT-0079]   Complete 400 unique inst patterns.
[INFO DRT-0081]   Complete 412 unique inst patterns.
[INFO DRT-0082]   Complete 1000 groups.
[INFO DRT-0082]   Complete 2000 groups.
[INFO DRT-0082]   Complete 3000 groups.
[INFO DRT-0082]   Complete 4000 groups.
[INFO DRT-0082]   Complete 5000 groups.
[INFO DRT-0082]   Complete 6000 groups.
[INFO DRT-0082]   Complete 7000 groups.
[INFO DRT-0082]   Complete 8000 groups.
[INFO DRT-0082]   Complete 9000 groups.
[INFO DRT-0083]   Complete 10000 groups.
[INFO DRT-0084]   Complete 18945 groups.
#scanned instances     = 78933
#unique  instances     = 433
#stdCellGenAp          = 13024
#stdCellValidPlanarAp  = 54
#stdCellValidViaAp     = 9939
#stdCellPinNoAp        = 0
#stdCellPinCnt         = 101945
#instTermValidViaApCnt = 0
#macroGenAp            = 361
#macroValidPlanarAp    = 361
#macroValidViaAp       = 0
#macroNoAp             = 0
[INFO DRT-0166] Complete pin access.
[INFO DRT-0267] cpu time = 00:07:02, elapsed time = 00:00:35, memory = 486.66 (MB), peak = 501.73 (MB)
[INFO DRT-0156] guideIn read 100000 guides.
[INFO DRT-0156] guideIn read 200000 guides.

Number of guides:     226746

[INFO DRT-0169] Post process guides.
[INFO DRT-0176] GCELLGRID X 0 DO 174 STEP 6900 ;
[INFO DRT-0177] GCELLGRID Y 0 DO 150 STEP 6900 ;
[INFO DRT-0026]   Complete 10000 origin guides.
[INFO DRT-0026]   Complete 20000 origin guides.
[INFO DRT-0026]   Complete 30000 origin guides.
[INFO DRT-0026]   Complete 40000 origin guides.
[INFO DRT-0026]   Complete 50000 origin guides.
[INFO DRT-0026]   Complete 60000 origin guides.
[INFO DRT-0026]   Complete 70000 origin guides.
[INFO DRT-0026]   Complete 80000 origin guides.
[INFO DRT-0026]   Complete 90000 origin guides.
[INFO DRT-0027]   Complete 100000 origin guides.
[INFO DRT-0027]   Complete 200000 origin guides.
[INFO DRT-0028]   Complete FR_MASTERSLICE.
[INFO DRT-0028]   Complete licon.
[INFO DRT-0028]   Complete li1.
[INFO DRT-0028]   Complete mcon.
[INFO DRT-0028]   Complete met1.
[INFO DRT-0028]   Complete via.
[INFO DRT-0028]   Complete met2.
[INFO DRT-0028]   Complete via2.
[INFO DRT-0028]   Complete met3.
[INFO DRT-0028]   Complete via3.
[INFO DRT-0028]   Complete met4.
[INFO DRT-0028]   Complete via4.
[INFO DRT-0028]   Complete met5.
  complete 10000 nets.
  complete 20000 nets.
  complete 30000 nets.
[INFO DRT-0178] Init guide query.
[INFO DRT-0029]   Complete 10000 nets (guide).
[INFO DRT-0029]   Complete 20000 nets (guide).
[INFO DRT-0029]   Complete 30000 nets (guide).
[INFO DRT-0035]   Complete FR_MASTERSLICE (guide).
[INFO DRT-0035]   Complete licon (guide).
[INFO DRT-0035]   Complete li1 (guide).
[INFO DRT-0035]   Complete mcon (guide).
[INFO DRT-0035]   Complete met1 (guide).
[INFO DRT-0035]   Complete via (guide).
[INFO DRT-0035]   Complete met2 (guide).
[INFO DRT-0035]   Complete via2 (guide).
[INFO DRT-0035]   Complete met3 (guide).
[INFO DRT-0035]   Complete via3 (guide).
[INFO DRT-0035]   Complete met4 (guide).
[INFO DRT-0035]   Complete via4 (guide).
[INFO DRT-0035]   Complete met5 (guide).
[INFO DRT-0036] FR_MASTERSLICE guide region query size = 0.
[INFO DRT-0036] licon guide region query size = 0.
[INFO DRT-0036] li1 guide region query size = 78107.
[INFO DRT-0036] mcon guide region query size = 0.
[INFO DRT-0036] met1 guide region query size = 61717.
[INFO DRT-0036] via guide region query size = 0.
[INFO DRT-0036] met2 guide region query size = 32047.
[INFO DRT-0036] via2 guide region query size = 0.
[INFO DRT-0036] met3 guide region query size = 3478.
[INFO DRT-0036] via3 guide region query size = 0.
[INFO DRT-0036] met4 guide region query size = 1135.
[INFO DRT-0036] via4 guide region query size = 0.
[INFO DRT-0036] met5 guide region query size = 51.
[INFO DRT-0179] Init gr pin query.
[INFO DRT-0245] skipped writing guide updates to database.
[INFO DRT-0185] Post process initialize RPin region query.
[INFO DRT-0181] Start track assignment.
[INFO DRT-0184] Done with 111289 vertical wires in 4 frboxes and 65246 horizontal wires in 3 frboxes.
[INFO DRT-0186] Done with 11473 vertical wires in 4 frboxes and 21801 horizontal wires in 3 frboxes.
[INFO DRT-0182] Complete track assignment.
[INFO DRT-0267] cpu time = 00:00:11, elapsed time = 00:00:05, memory = 690.40 (MB), peak = 986.15 (MB)
[INFO DRT-0187] Start routing data preparation.
[INFO DRT-0267] cpu time = 00:00:00, elapsed time = 00:00:00, memory = 690.40 (MB), peak = 986.15 (MB)
[INFO DRT-0194] Start detail routing.
[INFO DRT-0195] Start 0th optimization iteration.
    Completing 10% with 0 violations.
    elapsed time = 00:00:01, memory = 1145.78 (MB).
    Completing 20% with 0 violations.
    elapsed time = 00:00:14, memory = 2163.41 (MB).
    Completing 30% with 6317 violations.
    elapsed time = 00:00:24, memory = 843.73 (MB).
    Completing 40% with 6317 violations.
    elapsed time = 00:00:32, memory = 1727.92 (MB).
    Completing 50% with 6317 violations.
    elapsed time = 00:00:42, memory = 2476.71 (MB).
    Completing 60% with 12100 violations.
    elapsed time = 00:00:49, memory = 1387.60 (MB).
    Completing 70% with 12100 violations.
    elapsed time = 00:01:03, memory = 2424.00 (MB).
    Completing 80% with 18178 violations.
    elapsed time = 00:01:16, memory = 926.09 (MB).
    Completing 90% with 18178 violations.
    elapsed time = 00:01:26, memory = 2002.56 (MB).
    Completing 100% with 23690 violations.
    elapsed time = 00:01:41, memory = 825.44 (MB).
[INFO DRT-0199]   Number of violations = 28735.
Viol/Layer         li1   mcon   met1    via   met2   met3   via3   met4   via4   met5
Cut Spacing          0     23      0      0      0      0      0      0      1      0
Metal Spacing      355      0   3910      0    646     54      0    208      0      8
Min Hole             0      0     68      0      0      0      0      0      0      0
Min Width            0      0      0      0      0      0      0      0      0      2
NS Metal             6      0      0      0      0      0      0      0      0      0
Recheck              9      0   2900      0   1433    556      0    135      0     12
Short                0      1  15649     24   2527    193      1      7      3      4
[INFO DRT-0267] cpu time = 00:17:02, elapsed time = 00:01:42, memory = 1164.82 (MB), peak = 2704.06 (MB)
Total wire length = 1327556 um.
Total wire length on LAYER li1 = 0 um.
Total wire length on LAYER met1 = 537606 um.
Total wire length on LAYER met2 = 479237 um.
Total wire length on LAYER met3 = 207813 um.
Total wire length on LAYER met4 = 93160 um.
Total wire length on LAYER met5 = 9738 um.
Total number of vias = 218978.
Up-via summary (total 218978):.

-------------------------
 FR_MASTERSLICE         0
            li1    101444
           met1    109464
           met2      6064
           met3      1912
           met4        94
-------------------------
                   218978


[INFO DRT-0195] Start 1st optimization iteration.
    Completing 10% with 28735 violations.
    elapsed time = 00:00:01, memory = 1518.57 (MB).
    Completing 20% with 28735 violations.
    elapsed time = 00:00:13, memory = 2418.09 (MB).
    Completing 30% with 25509 violations.
    elapsed time = 00:00:21, memory = 1178.35 (MB).
    Completing 40% with 25509 violations.
    elapsed time = 00:00:33, memory = 2166.16 (MB).
    Completing 50% with 25509 violations.
    elapsed time = 00:00:45, memory = 2800.56 (MB).
    Completing 60% with 22476 violations.
    elapsed time = 00:00:52, memory = 1899.92 (MB).
    Completing 70% with 22476 violations.
    elapsed time = 00:01:03, memory = 2706.55 (MB).
    Completing 80% with 19691 violations.
    elapsed time = 00:01:09, memory = 1241.52 (MB).
    Completing 90% with 19691 violations.
    elapsed time = 00:01:21, memory = 2219.86 (MB).
    Completing 100% with 17473 violations.
    elapsed time = 00:01:34, memory = 1016.50 (MB).
[INFO DRT-0199]   Number of violations = 20251.
Viol/Layer        mcon   met1   met2   met3   met4
Cut Spacing         50      0      0      0      0
Metal Spacing        0   2699    407     22     73
Min Hole             0     62      0      0      0
Recheck              0    578      9   2191      0
Short                0  12651   1481     23      5
[INFO DRT-0267] cpu time = 00:16:10, elapsed time = 00:01:34, memory = 1170.25 (MB), peak = 2831.43 (MB)
Total wire length = 1321292 um.
Total wire length on LAYER li1 = 0 um.
Total wire length on LAYER met1 = 534869 um.
Total wire length on LAYER met2 = 476249 um.
Total wire length on LAYER met3 = 207634 um.
Total wire length on LAYER met4 = 92828 um.
Total wire length on LAYER met5 = 9709 um.
Total number of vias = 218579.
Up-via summary (total 218579):.

-------------------------
 FR_MASTERSLICE         0
            li1    101383
           met1    109006
           met2      6202
           met3      1898
           met4        90
-------------------------
                   218579


[INFO DRT-0195] Start 2nd optimization iteration.
    Completing 10% with 20251 violations.
    elapsed time = 00:00:00, memory = 1170.25 (MB).
    Completing 20% with 20251 violations.
    elapsed time = 00:00:15, memory = 2471.42 (MB).
    Completing 30% with 19369 violations.
    elapsed time = 00:00:21, memory = 1045.26 (MB).
    Completing 40% with 19369 violations.
    elapsed time = 00:00:31, memory = 2006.88 (MB).
    Completing 50% with 19369 violations.
    elapsed time = 00:00:46, memory = 2792.26 (MB).
    Completing 60% with 18534 violations.
    elapsed time = 00:00:52, memory = 1624.11 (MB).
    Completing 70% with 18534 violations.
    elapsed time = 00:01:02, memory = 2512.43 (MB).
    Completing 80% with 18674 violations.
    elapsed time = 00:01:10, memory = 1037.65 (MB).
    Completing 90% with 18674 violations.
    elapsed time = 00:01:20, memory = 2119.84 (MB).
    Completing 100% with 17139 violations.
    elapsed time = 00:01:32, memory = 1017.14 (MB).
[INFO DRT-0199]   Number of violations = 18221.
Viol/Layer        mcon   met1   met2   met3   met4
Cut Spacing         50      0      0      0      0
Metal Spacing        0   2529    322     16    161
Min Hole             0     46      0      0      0
Recheck              0    544     12    526      0
Short                0  12564   1421     24      6
[INFO DRT-0267] cpu time = 00:16:05, elapsed time = 00:01:33, memory = 1177.64 (MB), peak = 2831.43 (MB)
Total wire length = 1319924 um.
Total wire length on LAYER li1 = 0 um.
Total wire length on LAYER met1 = 534495 um.
Total wire length on LAYER met2 = 475191 um.
Total wire length on LAYER met3 = 207533 um.
Total wire length on LAYER met4 = 93027 um.
Total wire length on LAYER met5 = 9675 um.
Total number of vias = 218026.
Up-via summary (total 218026):.

-------------------------
 FR_MASTERSLICE         0
            li1    101382
           met1    108520
           met2      6147
           met3      1887
           met4        90
-------------------------
                   218026


[INFO DRT-0195] Start 3rd optimization iteration.
    Completing 10% with 18221 violations.
    elapsed time = 00:00:01, memory = 1586.02 (MB).
    Completing 20% with 18221 violations.
    elapsed time = 00:00:15, memory = 2592.01 (MB).
    Completing 30% with 14391 violations.
    elapsed time = 00:00:28, memory = 1093.04 (MB).
    Completing 40% with 14391 violations.
    elapsed time = 00:00:35, memory = 2099.42 (MB).
    Completing 50% with 14391 violations.
    elapsed time = 00:00:48, memory = 2777.55 (MB).
    Completing 60% with 10755 violations.
    elapsed time = 00:00:53, memory = 1377.41 (MB).
    Completing 70% with 10755 violations.
    elapsed time = 00:01:05, memory = 2580.62 (MB).
    Completing 80% with 6715 violations.
    elapsed time = 00:01:14, memory = 1079.82 (MB).
    Completing 90% with 6715 violations.
    elapsed time = 00:01:23, memory = 2187.20 (MB).
    Completing 100% with 3454 violations.
    elapsed time = 00:01:40, memory = 1028.39 (MB).
[INFO DRT-0199]   Number of violations = 3486.
Viol/Layer        mcon   met1    via   met2   met3   met4
Cut Spacing         10      0      4      0      0      0
Metal Spacing        0   1143      0    138      0      1
Min Hole             0      9      0      1      0      0
Recheck              0     28      0      4      0      0
Short                0   1930      0    212      5      1
[INFO DRT-0267] cpu time = 00:17:18, elapsed time = 00:01:41, memory = 1104.51 (MB), peak = 2874.73 (MB)
Total wire length = 1320584 um.
Total wire length on LAYER li1 = 0 um.
Total wire length on LAYER met1 = 505895 um.
Total wire length on LAYER met2 = 476127 um.
Total wire length on LAYER met3 = 234450 um.
Total wire length on LAYER met4 = 94469 um.
Total wire length on LAYER met5 = 9640 um.
Total number of vias = 225542.
Up-via summary (total 225542):.

-------------------------
 FR_MASTERSLICE         0
            li1    101382
           met1    111885
           met2     10088
           met3      2097
           met4        90
-------------------------
                   225542


[INFO DRT-0195] Start 4th optimization iteration.
    Completing 10% with 3486 violations.
    elapsed time = 00:00:00, memory = 1104.51 (MB).
    Completing 20% with 3486 violations.
    elapsed time = 00:00:03, memory = 2242.04 (MB).
    Completing 30% with 2553 violations.
    elapsed time = 00:00:08, memory = 1051.76 (MB).
    Completing 40% with 2553 violations.
    elapsed time = 00:00:09, memory = 1823.51 (MB).
    Completing 50% with 2553 violations.
    elapsed time = 00:00:13, memory = 2546.04 (MB).
    Completing 60% with 1751 violations.
    elapsed time = 00:00:14, memory = 1052.11 (MB).
    Completing 70% with 1751 violations.
    elapsed time = 00:00:17, memory = 2194.04 (MB).
    Completing 80% with 955 violations.
    elapsed time = 00:00:24, memory = 1052.90 (MB).
    Completing 90% with 955 violations.
    elapsed time = 00:00:26, memory = 1878.78 (MB).
    Completing 100% with 345 violations.
    elapsed time = 00:00:33, memory = 1052.66 (MB).
[INFO DRT-0199]   Number of violations = 355.
Viol/Layer        mcon   met1    via   met2
Cut Spacing          1      0      1      0
Metal Spacing        0    105      0     17
Min Hole             0      2      0      1
Recheck              0      9      0      1
Short                0    197      0     21
[INFO DRT-0267] cpu time = 00:04:38, elapsed time = 00:00:33, memory = 1067.66 (MB), peak = 2874.73 (MB)
Total wire length = 1320329 um.
Total wire length on LAYER li1 = 0 um.
Total wire length on LAYER met1 = 502670 um.
Total wire length on LAYER met2 = 476018 um.
Total wire length on LAYER met3 = 237272 um.
Total wire length on LAYER met4 = 94681 um.
Total wire length on LAYER met5 = 9685 um.
Total number of vias = 225777.
Up-via summary (total 225777):.

-------------------------
 FR_MASTERSLICE         0
            li1    101382
           met1    111850
           met2     10351
           met3      2104
           met4        90
-------------------------
                   225777


[INFO DRT-0195] Start 5th optimization iteration.
    Completing 10% with 355 violations.
    elapsed time = 00:00:00, memory = 1067.66 (MB).
    Completing 20% with 355 violations.
    elapsed time = 00:00:00, memory = 1067.66 (MB).
    Completing 30% with 289 violations.
    elapsed time = 00:00:02, memory = 1117.77 (MB).
    Completing 40% with 289 violations.
    elapsed time = 00:00:02, memory = 1117.77 (MB).
    Completing 50% with 289 violations.
    elapsed time = 00:00:04, memory = 1501.14 (MB).
    Completing 60% with 210 violations.
    elapsed time = 00:00:04, memory = 1299.28 (MB).
    Completing 70% with 210 violations.
    elapsed time = 00:00:05, memory = 1616.66 (MB).
    Completing 80% with 118 violations.
    elapsed time = 00:00:07, memory = 1077.51 (MB).
    Completing 90% with 118 violations.
    elapsed time = 00:00:07, memory = 1077.51 (MB).
    Completing 100% with 48 violations.
    elapsed time = 00:00:10, memory = 1135.28 (MB).
[INFO DRT-0199]   Number of violations = 48.
Viol/Layer        met1   met2
Metal Spacing       14      8
Short               25      1
[INFO DRT-0267] cpu time = 00:00:49, elapsed time = 00:00:10, memory = 1135.28 (MB), peak = 2874.73 (MB)
Total wire length = 1320282 um.
Total wire length on LAYER li1 = 0 um.
Total wire length on LAYER met1 = 502517 um.
Total wire length on LAYER met2 = 475871 um.
Total wire length on LAYER met3 = 237371 um.
Total wire length on LAYER met4 = 94836 um.
Total wire length on LAYER met5 = 9685 um.
Total number of vias = 225783.
Up-via summary (total 225783):.

-------------------------
 FR_MASTERSLICE         0
            li1    101382
           met1    111838
           met2     10358
           met3      2115
           met4        90
-------------------------
                   225783


[INFO DRT-0195] Start 6th optimization iteration.
    Completing 10% with 48 violations.
    elapsed time = 00:00:00, memory = 1135.28 (MB).
    Completing 20% with 48 violations.
    elapsed time = 00:00:00, memory = 1135.28 (MB).
    Completing 30% with 46 violations.
    elapsed time = 00:00:00, memory = 1179.28 (MB).
    Completing 40% with 46 violations.
    elapsed time = 00:00:00, memory = 1179.28 (MB).
    Completing 50% with 46 violations.
    elapsed time = 00:00:00, memory = 1223.28 (MB).
    Completing 60% with 34 violations.
    elapsed time = 00:00:00, memory = 1223.28 (MB).
    Completing 70% with 34 violations.
    elapsed time = 00:00:00, memory = 1223.28 (MB).
    Completing 80% with 14 violations.
    elapsed time = 00:00:02, memory = 1268.16 (MB).
    Completing 90% with 14 violations.
    elapsed time = 00:00:02, memory = 1268.16 (MB).
    Completing 100% with 3 violations.
    elapsed time = 00:00:02, memory = 1250.48 (MB).
[INFO DRT-0199]   Number of violations = 3.
Viol/Layer        met1
Metal Spacing        2
Short                1
[INFO DRT-0267] cpu time = 00:00:07, elapsed time = 00:00:03, memory = 1250.48 (MB), peak = 2874.73 (MB)
Total wire length = 1320274 um.
Total wire length on LAYER li1 = 0 um.
Total wire length on LAYER met1 = 502530 um.
Total wire length on LAYER met2 = 475879 um.
Total wire length on LAYER met3 = 237350 um.
Total wire length on LAYER met4 = 94827 um.
Total wire length on LAYER met5 = 9685 um.
Total number of vias = 225789.
Up-via summary (total 225789):.

-------------------------
 FR_MASTERSLICE         0
            li1    101382
           met1    111846
           met2     10356
           met3      2115
           met4        90
-------------------------
                   225789


[INFO DRT-0195] Start 7th optimization iteration.
    Completing 10% with 3 violations.
    elapsed time = 00:00:00, memory = 1250.48 (MB).
    Completing 20% with 3 violations.
    elapsed time = 00:00:00, memory = 1250.48 (MB).
    Completing 30% with 3 violations.
    elapsed time = 00:00:00, memory = 1250.61 (MB).
    Completing 40% with 3 violations.
    elapsed time = 00:00:00, memory = 1250.61 (MB).
    Completing 50% with 3 violations.
    elapsed time = 00:00:00, memory = 1250.61 (MB).
    Completing 60% with 3 violations.
    elapsed time = 00:00:00, memory = 1250.61 (MB).
    Completing 70% with 3 violations.
    elapsed time = 00:00:00, memory = 1250.61 (MB).
    Completing 80% with 3 violations.
    elapsed time = 00:00:01, memory = 1251.49 (MB).
    Completing 90% with 3 violations.
    elapsed time = 00:00:01, memory = 1251.49 (MB).
    Completing 100% with 3 violations.
    elapsed time = 00:00:01, memory = 1251.49 (MB).
[INFO DRT-0199]   Number of violations = 3.
Viol/Layer        met1
Metal Spacing        2
Short                1
[INFO DRT-0267] cpu time = 00:00:01, elapsed time = 00:00:01, memory = 1251.49 (MB), peak = 2874.73 (MB)
Total wire length = 1320274 um.
Total wire length on LAYER li1 = 0 um.
Total wire length on LAYER met1 = 502530 um.
Total wire length on LAYER met2 = 475879 um.
Total wire length on LAYER met3 = 237350 um.
Total wire length on LAYER met4 = 94827 um.
Total wire length on LAYER met5 = 9685 um.
Total number of vias = 225789.
Up-via summary (total 225789):.

-------------------------
 FR_MASTERSLICE         0
            li1    101382
           met1    111846
           met2     10356
           met3      2115
           met4        90
-------------------------
                   225789


[INFO DRT-0195] Start 8th optimization iteration.
    Completing 10% with 3 violations.
    elapsed time = 00:00:00, memory = 1251.49 (MB).
    Completing 20% with 3 violations.
    elapsed time = 00:00:00, memory = 1251.49 (MB).
    Completing 30% with 3 violations.
    elapsed time = 00:00:00, memory = 1293.11 (MB).
    Completing 40% with 3 violations.
    elapsed time = 00:00:00, memory = 1293.11 (MB).
    Completing 50% with 3 violations.
    elapsed time = 00:00:00, memory = 1330.99 (MB).
    Completing 60% with 3 violations.
    elapsed time = 00:00:00, memory = 1331.11 (MB).
    Completing 70% with 3 violations.
    elapsed time = 00:00:00, memory = 1331.11 (MB).
    Completing 80% with 3 violations.
    elapsed time = 00:00:00, memory = 1331.11 (MB).
    Completing 90% with 3 violations.
    elapsed time = 00:00:00, memory = 1331.11 (MB).
    Completing 100% with 2 violations.
    elapsed time = 00:00:01, memory = 1366.74 (MB).
[INFO DRT-0199]   Number of violations = 2.
Viol/Layer        met1
Metal Spacing        1
Short                1
[INFO DRT-0267] cpu time = 00:00:01, elapsed time = 00:00:01, memory = 1366.74 (MB), peak = 2874.73 (MB)
Total wire length = 1320274 um.
Total wire length on LAYER li1 = 0 um.
Total wire length on LAYER met1 = 502530 um.
Total wire length on LAYER met2 = 475879 um.
Total wire length on LAYER met3 = 237350 um.
Total wire length on LAYER met4 = 94827 um.
Total wire length on LAYER met5 = 9685 um.
Total number of vias = 225789.
Up-via summary (total 225789):.

-------------------------
 FR_MASTERSLICE         0
            li1    101382
           met1    111846
           met2     10356
           met3      2115
           met4        90
-------------------------
                   225789


[INFO DRT-0195] Start 9th optimization iteration.
    Completing 10% with 2 violations.
    elapsed time = 00:00:00, memory = 1366.74 (MB).
    Completing 20% with 2 violations.
    elapsed time = 00:00:00, memory = 1366.74 (MB).
    Completing 30% with 2 violations.
    elapsed time = 00:00:00, memory = 1366.74 (MB).
    Completing 40% with 2 violations.
    elapsed time = 00:00:00, memory = 1366.74 (MB).
    Completing 50% with 2 violations.
    elapsed time = 00:00:00, memory = 1368.61 (MB).
    Completing 60% with 1 violations.
    elapsed time = 00:00:00, memory = 1368.61 (MB).
    Completing 70% with 1 violations.
    elapsed time = 00:00:00, memory = 1368.61 (MB).
    Completing 80% with 1 violations.
    elapsed time = 00:00:00, memory = 1368.61 (MB).
    Completing 90% with 1 violations.
    elapsed time = 00:00:00, memory = 1368.61 (MB).
    Completing 100% with 1 violations.
    elapsed time = 00:00:00, memory = 1368.61 (MB).
[INFO DRT-0199]   Number of violations = 1.
Viol/Layer        met1
Short                1
[INFO DRT-0267] cpu time = 00:00:01, elapsed time = 00:00:00, memory = 1368.61 (MB), peak = 2874.73 (MB)
Total wire length = 1320271 um.
Total wire length on LAYER li1 = 0 um.
Total wire length on LAYER met1 = 502528 um.
Total wire length on LAYER met2 = 475875 um.
Total wire length on LAYER met3 = 237354 um.
Total wire length on LAYER met4 = 94827 um.
Total wire length on LAYER met5 = 9685 um.
Total number of vias = 225789.
Up-via summary (total 225789):.

-------------------------
 FR_MASTERSLICE         0
            li1    101382
           met1    111844
           met2     10358
           met3      2115
           met4        90
-------------------------
                   225789


[INFO DRT-0195] Start 10th optimization iteration.
    Completing 10% with 1 violations.
    elapsed time = 00:00:00, memory = 1368.61 (MB).
    Completing 20% with 1 violations.
    elapsed time = 00:00:00, memory = 1368.61 (MB).
    Completing 30% with 1 violations.
    elapsed time = 00:00:00, memory = 1368.61 (MB).
    Completing 40% with 1 violations.
    elapsed time = 00:00:00, memory = 1368.61 (MB).
    Completing 50% with 1 violations.
    elapsed time = 00:00:00, memory = 1368.61 (MB).
    Completing 60% with 1 violations.
    elapsed time = 00:00:00, memory = 1368.61 (MB).
    Completing 70% with 1 violations.
    elapsed time = 00:00:00, memory = 1368.74 (MB).
    Completing 80% with 1 violations.
    elapsed time = 00:00:00, memory = 1411.86 (MB).
    Completing 90% with 1 violations.
    elapsed time = 00:00:00, memory = 1411.86 (MB).
    Completing 100% with 1 violations.
    elapsed time = 00:00:00, memory = 1411.86 (MB).
[INFO DRT-0199]   Number of violations = 1.
Viol/Layer        met1
Short                1
[INFO DRT-0267] cpu time = 00:00:00, elapsed time = 00:00:00, memory = 1411.86 (MB), peak = 2874.73 (MB)
Total wire length = 1320272 um.
Total wire length on LAYER li1 = 0 um.
Total wire length on LAYER met1 = 502528 um.
Total wire length on LAYER met2 = 475875 um.
Total wire length on LAYER met3 = 237354 um.
Total wire length on LAYER met4 = 94827 um.
Total wire length on LAYER met5 = 9685 um.
Total number of vias = 225789.
Up-via summary (total 225789):.

-------------------------
 FR_MASTERSLICE         0
            li1    101382
           met1    111844
           met2     10358
           met3      2115
           met4        90
-------------------------
                   225789


[INFO DRT-0195] Start 11th optimization iteration.
    Completing 10% with 1 violations.
    elapsed time = 00:00:00, memory = 1411.86 (MB).
    Completing 20% with 1 violations.
    elapsed time = 00:00:00, memory = 1411.86 (MB).
    Completing 30% with 1 violations.
    elapsed time = 00:00:00, memory = 1411.86 (MB).
    Completing 40% with 1 violations.
    elapsed time = 00:00:00, memory = 1411.86 (MB).
    Completing 50% with 1 violations.
    elapsed time = 00:00:00, memory = 1411.86 (MB).
    Completing 60% with 1 violations.
    elapsed time = 00:00:00, memory = 1411.86 (MB).
    Completing 70% with 1 violations.
    elapsed time = 00:00:00, memory = 1411.86 (MB).
    Completing 80% with 1 violations.
    elapsed time = 00:00:00, memory = 1412.61 (MB).
    Completing 90% with 1 violations.
    elapsed time = 00:00:00, memory = 1412.61 (MB).
    Completing 100% with 1 violations.
    elapsed time = 00:00:00, memory = 1412.61 (MB).
[INFO DRT-0199]   Number of violations = 1.
Viol/Layer        met1
Short                1
[INFO DRT-0267] cpu time = 00:00:00, elapsed time = 00:00:00, memory = 1412.61 (MB), peak = 2874.73 (MB)
Total wire length = 1320270 um.
Total wire length on LAYER li1 = 0 um.
Total wire length on LAYER met1 = 502526 um.
Total wire length on LAYER met2 = 475875 um.
Total wire length on LAYER met3 = 237354 um.
Total wire length on LAYER met4 = 94827 um.
Total wire length on LAYER met5 = 9685 um.
Total number of vias = 225789.
Up-via summary (total 225789):.

-------------------------
 FR_MASTERSLICE         0
            li1    101382
           met1    111844
           met2     10358
           met3      2115
           met4        90
-------------------------
                   225789


[INFO DRT-0195] Start 12th optimization iteration.
    Completing 10% with 1 violations.
    elapsed time = 00:00:00, memory = 1412.61 (MB).
    Completing 20% with 1 violations.
    elapsed time = 00:00:00, memory = 1412.61 (MB).
    Completing 30% with 1 violations.
    elapsed time = 00:00:00, memory = 1412.61 (MB).
    Completing 40% with 1 violations.
    elapsed time = 00:00:00, memory = 1412.61 (MB).
    Completing 50% with 1 violations.
    elapsed time = 00:00:00, memory = 1412.61 (MB).
    Completing 60% with 1 violations.
    elapsed time = 00:00:00, memory = 1412.61 (MB).
    Completing 70% with 1 violations.
    elapsed time = 00:00:00, memory = 1412.61 (MB).
    Completing 80% with 1 violations.
    elapsed time = 00:00:00, memory = 1412.61 (MB).
    Completing 90% with 1 violations.
    elapsed time = 00:00:00, memory = 1412.61 (MB).
    Completing 100% with 1 violations.
    elapsed time = 00:00:00, memory = 1412.61 (MB).
[INFO DRT-0199]   Number of violations = 1.
Viol/Layer        met1
Short                1
[INFO DRT-0267] cpu time = 00:00:00, elapsed time = 00:00:00, memory = 1412.61 (MB), peak = 2874.73 (MB)
Total wire length = 1320270 um.
Total wire length on LAYER li1 = 0 um.
Total wire length on LAYER met1 = 502526 um.
Total wire length on LAYER met2 = 475875 um.
Total wire length on LAYER met3 = 237354 um.
Total wire length on LAYER met4 = 94827 um.
Total wire length on LAYER met5 = 9685 um.
Total number of vias = 225789.
Up-via summary (total 225789):.

-------------------------
 FR_MASTERSLICE         0
            li1    101382
           met1    111844
           met2     10358
           met3      2115
           met4        90
-------------------------
                   225789


[INFO DRT-0195] Start 13th optimization iteration.
    Completing 10% with 1 violations.
    elapsed time = 00:00:00, memory = 1412.61 (MB).
    Completing 20% with 1 violations.
    elapsed time = 00:00:00, memory = 1412.61 (MB).
    Completing 30% with 1 violations.
    elapsed time = 00:00:00, memory = 1412.61 (MB).
    Completing 40% with 1 violations.
    elapsed time = 00:00:00, memory = 1412.61 (MB).
    Completing 50% with 1 violations.
    elapsed time = 00:00:00, memory = 1412.61 (MB).
    Completing 60% with 1 violations.
    elapsed time = 00:00:00, memory = 1412.61 (MB).
    Completing 70% with 1 violations.
    elapsed time = 00:00:00, memory = 1412.61 (MB).
    Completing 80% with 1 violations.
    elapsed time = 00:00:00, memory = 1412.61 (MB).
    Completing 90% with 1 violations.
    elapsed time = 00:00:00, memory = 1412.61 (MB).
    Completing 100% with 1 violations.
    elapsed time = 00:00:00, memory = 1412.61 (MB).
[INFO DRT-0199]   Number of violations = 1.
Viol/Layer        met1
Short                1
[INFO DRT-0267] cpu time = 00:00:00, elapsed time = 00:00:00, memory = 1412.61 (MB), peak = 2874.73 (MB)
Total wire length = 1320270 um.
Total wire length on LAYER li1 = 0 um.
Total wire length on LAYER met1 = 502526 um.
Total wire length on LAYER met2 = 475875 um.
Total wire length on LAYER met3 = 237354 um.
Total wire length on LAYER met4 = 94827 um.
Total wire length on LAYER met5 = 9685 um.
Total number of vias = 225789.
Up-via summary (total 225789):.

-------------------------
 FR_MASTERSLICE         0
            li1    101382
           met1    111844
           met2     10358
           met3      2115
           met4        90
-------------------------
                   225789


[INFO DRT-0195] Start 14th optimization iteration.
    Completing 10% with 1 violations.
    elapsed time = 00:00:00, memory = 1412.61 (MB).
    Completing 20% with 1 violations.
    elapsed time = 00:00:00, memory = 1412.61 (MB).
    Completing 30% with 1 violations.
    elapsed time = 00:00:00, memory = 1418.36 (MB).
    Completing 40% with 1 violations.
    elapsed time = 00:00:00, memory = 1418.36 (MB).
    Completing 50% with 1 violations.
    elapsed time = 00:00:00, memory = 1418.36 (MB).
    Completing 60% with 1 violations.
    elapsed time = 00:00:00, memory = 1418.36 (MB).
    Completing 70% with 1 violations.
    elapsed time = 00:00:00, memory = 1418.36 (MB).
    Completing 80% with 1 violations.
    elapsed time = 00:00:00, memory = 1418.36 (MB).
    Completing 90% with 1 violations.
    elapsed time = 00:00:00, memory = 1418.36 (MB).
    Completing 100% with 1 violations.
    elapsed time = 00:00:00, memory = 1418.36 (MB).
[INFO DRT-0199]   Number of violations = 1.
Viol/Layer        met1
Short                1
[INFO DRT-0267] cpu time = 00:00:00, elapsed time = 00:00:00, memory = 1418.36 (MB), peak = 2874.73 (MB)
Total wire length = 1320270 um.
Total wire length on LAYER li1 = 0 um.
Total wire length on LAYER met1 = 502526 um.
Total wire length on LAYER met2 = 475875 um.
Total wire length on LAYER met3 = 237354 um.
Total wire length on LAYER met4 = 94827 um.
Total wire length on LAYER met5 = 9685 um.
Total number of vias = 225789.
Up-via summary (total 225789):.

-------------------------
 FR_MASTERSLICE         0
            li1    101382
           met1    111844
           met2     10358
           met3      2115
           met4        90
-------------------------
                   225789


[INFO DRT-0195] Start 15th optimization iteration.
    Completing 10% with 1 violations.
    elapsed time = 00:00:00, memory = 1418.36 (MB).
    Completing 20% with 1 violations.
    elapsed time = 00:00:00, memory = 1418.36 (MB).
    Completing 30% with 1 violations.
    elapsed time = 00:00:00, memory = 1418.49 (MB).
    Completing 40% with 1 violations.
    elapsed time = 00:00:00, memory = 1418.49 (MB).
    Completing 50% with 1 violations.
    elapsed time = 00:00:00, memory = 1418.49 (MB).
    Completing 60% with 1 violations.
    elapsed time = 00:00:00, memory = 1418.49 (MB).
    Completing 70% with 1 violations.
    elapsed time = 00:00:00, memory = 1418.49 (MB).
    Completing 80% with 1 violations.
    elapsed time = 00:00:00, memory = 1418.49 (MB).
    Completing 90% with 1 violations.
    elapsed time = 00:00:00, memory = 1418.49 (MB).
    Completing 100% with 1 violations.
    elapsed time = 00:00:00, memory = 1418.49 (MB).
[INFO DRT-0199]   Number of violations = 1.
Viol/Layer        met1
Short                1
[INFO DRT-0267] cpu time = 00:00:00, elapsed time = 00:00:00, memory = 1418.49 (MB), peak = 2874.73 (MB)
Total wire length = 1320270 um.
Total wire length on LAYER li1 = 0 um.
Total wire length on LAYER met1 = 502526 um.
Total wire length on LAYER met2 = 475875 um.
Total wire length on LAYER met3 = 237354 um.
Total wire length on LAYER met4 = 94827 um.
Total wire length on LAYER met5 = 9685 um.
Total number of vias = 225789.
Up-via summary (total 225789):.

-------------------------
 FR_MASTERSLICE         0
            li1    101382
           met1    111844
           met2     10358
           met3      2115
           met4        90
-------------------------
                   225789


[INFO DRT-0195] Start 16th optimization iteration.
    Completing 10% with 1 violations.
    elapsed time = 00:00:00, memory = 1418.49 (MB).
    Completing 20% with 1 violations.
    elapsed time = 00:00:00, memory = 1418.49 (MB).
    Completing 30% with 1 violations.
    elapsed time = 00:00:00, memory = 1418.49 (MB).
    Completing 40% with 1 violations.
    elapsed time = 00:00:00, memory = 1418.49 (MB).
    Completing 50% with 1 violations.
    elapsed time = 00:00:00, memory = 1418.49 (MB).
    Completing 60% with 0 violations.
    elapsed time = 00:00:00, memory = 1418.49 (MB).
    Completing 70% with 0 violations.
    elapsed time = 00:00:00, memory = 1418.49 (MB).
    Completing 80% with 0 violations.
    elapsed time = 00:00:00, memory = 1418.49 (MB).
    Completing 90% with 0 violations.
    elapsed time = 00:00:00, memory = 1418.49 (MB).
    Completing 100% with 0 violations.
    elapsed time = 00:00:00, memory = 1418.49 (MB).
[INFO DRT-0199]   Number of violations = 0.
[INFO DRT-0267] cpu time = 00:00:00, elapsed time = 00:00:00, memory = 1418.49 (MB), peak = 2874.73 (MB)
Total wire length = 1320280 um.
Total wire length on LAYER li1 = 0 um.
Total wire length on LAYER met1 = 502525 um.
Total wire length on LAYER met2 = 475878 um.
Total wire length on LAYER met3 = 237357 um.
Total wire length on LAYER met4 = 94832 um.
Total wire length on LAYER met5 = 9685 um.
Total number of vias = 225795.
Up-via summary (total 225795):.

-------------------------
 FR_MASTERSLICE         0
            li1    101382
           met1    111846
           met2     10360
           met3      2117
           met4        90
-------------------------
                   225795


[INFO DRT-0198] Complete detail routing.
Total wire length = 1320280 um.
Total wire length on LAYER li1 = 0 um.
Total wire length on LAYER met1 = 502525 um.
Total wire length on LAYER met2 = 475878 um.
Total wire length on LAYER met3 = 237357 um.
Total wire length on LAYER met4 = 94832 um.
Total wire length on LAYER met5 = 9685 um.
Total number of vias = 225795.
Up-via summary (total 225795):.

-------------------------
 FR_MASTERSLICE         0
            li1    101382
           met1    111846
           met2     10360
           met3      2117
           met4        90
-------------------------
                   225795


[INFO DRT-0267] cpu time = 01:12:22, elapsed time = 00:07:25, memory = 1418.49 (MB), peak = 2874.73 (MB)

[INFO DRT-0180] Post processing.
Setting global connections for newly added cells…
Writing OpenROAD database to '/openlane/designs/Tensor/runs/PrePre-final_run/results/routing/chip_top.odb'…
Writing netlist to '/openlane/designs/Tensor/runs/PrePre-final_run/results/routing/chip_top.nl.v'…
Writing powered netlist to '/openlane/designs/Tensor/runs/PrePre-final_run/results/routing/chip_top.pnl.v'…
Writing layout to '/openlane/designs/Tensor/runs/PrePre-final_run/results/routing/chip_top.def'…
