OpenROAD 41a51eaf4ca2171c92ff38afb91eb37bbd3f36da 
This program is licensed under the BSD-3 license. See the LICENSE file for details.
Components of this program may be licensed under more restrictive licenses which must be honored.
[INFO]: Reading ODB at '/openlane/designs/Tensor/runs/PrePre-final_run/tmp/placement/76-global.odb'…
define_corners Slowest Typical Fastest
read_liberty -corner Slowest /home/n0b0dy/.ciel/sky130A/libs.ref/sky130_fd_sc_hd/lib/sky130_fd_sc_hd__ss_100C_1v60.lib
read_liberty -corner Slowest /home/n0b0dy/.ciel/sky130A/libs.ref/sky130_sram_macros/lib/sky130_sram_1kbyte_1rw1r_8x1024_8_TT_1p8V_25C.lib
read_liberty -corner Typical /home/n0b0dy/.ciel/sky130A/libs.ref/sky130_fd_sc_hd/lib/sky130_fd_sc_hd__tt_025C_1v80.lib
read_liberty -corner Typical /home/n0b0dy/.ciel/sky130A/libs.ref/sky130_sram_macros/lib/sky130_sram_1kbyte_1rw1r_8x1024_8_TT_1p8V_25C.lib
[WARNING STA-0053] /home/n0b0dy/.ciel/sky130A/libs.ref/sky130_sram_macros/lib/sky130_sram_1kbyte_1rw1r_8x1024_8_TT_1p8V_25C.lib line 1, library sky130_sram_1kbyte_1rw1r_8x1024_8_TT_1p8V_25C_lib already exists.
read_liberty -corner Fastest /home/n0b0dy/.ciel/sky130A/libs.ref/sky130_fd_sc_hd/lib/sky130_fd_sc_hd__ff_n40C_1v95.lib
read_liberty -corner Fastest /home/n0b0dy/.ciel/sky130A/libs.ref/sky130_sram_macros/lib/sky130_sram_1kbyte_1rw1r_8x1024_8_TT_1p8V_25C.lib
[WARNING STA-0053] /home/n0b0dy/.ciel/sky130A/libs.ref/sky130_sram_macros/lib/sky130_sram_1kbyte_1rw1r_8x1024_8_TT_1p8V_25C.lib line 1, library sky130_sram_1kbyte_1rw1r_8x1024_8_TT_1p8V_25C_lib already exists.
Using 1e-12 for capacitance...
Using 1e+03 for resistance...
Using 1e-09 for time...
Using 1e+00 for voltage...
Using 1e-03 for current...
Using 1e-09 for power...
Using 1e-06 for distance...
Reading design constraints file at '/openlane/designs/Tensor/runs/PrePre-final_run/tmp/floorplan/71-initial_fp.sdc'…
[INFO]: Setting RC values...
[INFO RSZ-0027] Inserted 33 input buffers.
[INFO RSZ-0028] Inserted 32 output buffers.
[INFO RSZ-0058] Using max wire length 4508um.
[INFO RSZ-0034] Found 15 slew violations.
[INFO RSZ-0035] Found 459 fanout violations.
[INFO RSZ-0038] Inserted 590 buffers in 474 nets.
[INFO RSZ-0039] Resized 25234 instances.
[INFO RSZ-0042] Inserted 1 tie sky130_fd_sc_hd__conb_1 instances.
[INFO RSZ-0042] Inserted 12 tie sky130_fd_sc_hd__conb_1 instances.
Placement Analysis
---------------------------------
total displacement      75989.3 u
average displacement        2.0 u
max displacement          337.6 u
original HPWL         1031033.4 u
legalized HPWL        1098277.0 u
delta HPWL                    7 %

[INFO DPL-0020] Mirrored 12065 instances
[INFO DPL-0021] HPWL before          1098277.0 u
[INFO DPL-0022] HPWL after           1074828.3 u
[INFO DPL-0023] HPWL delta               -2.1 %
Setting global connections for newly added cells…
Writing OpenROAD database to '/openlane/designs/Tensor/runs/PrePre-final_run/tmp/placement/78-resizer.odb'…
Writing netlist to '/openlane/designs/Tensor/runs/PrePre-final_run/tmp/placement/78-resizer.nl.v'…
Writing powered netlist to '/openlane/designs/Tensor/runs/PrePre-final_run/tmp/placement/78-resizer.pnl.v'…
Writing layout to '/openlane/designs/Tensor/runs/PrePre-final_run/tmp/placement/78-resizer.def'…
Writing timing constraints to '/openlane/designs/Tensor/runs/PrePre-final_run/tmp/placement/78-resizer.sdc'…
area_report

===========================================================================
report_design_area
============================================================================
Design area 845658 u^2 71% utilization.
area_report_end
