OpenROAD 41a51eaf4ca2171c92ff38afb91eb37bbd3f36da 
This program is licensed under the BSD-3 license. See the LICENSE file for details.
Components of this program may be licensed under more restrictive licenses which must be honored.
[INFO]: Reading ODB at '/openlane/designs/Tensor/runs/PrePre-final_run/tmp/placement/78-resizer.odb'…
define_corners Typical
read_liberty -corner Typical /home/n0b0dy/.ciel/sky130A/libs.ref/sky130_fd_sc_hd/lib/sky130_fd_sc_hd__tt_025C_1v80.lib
read_liberty -corner Typical /home/n0b0dy/.ciel/sky130A/libs.ref/sky130_sram_macros/lib/sky130_sram_1kbyte_1rw1r_8x1024_8_TT_1p8V_25C.lib
Using 1e-12 for capacitance...
Using 1e+03 for resistance...
Using 1e-09 for time...
Using 1e+00 for voltage...
Using 1e-03 for current...
Using 1e-09 for power...
Using 1e-06 for distance...
Reading design constraints file at '/openlane/designs/Tensor/runs/PrePre-final_run/tmp/placement/78-resizer.sdc'…
Placement Analysis
---------------------------------
total displacement          0.0 u
average displacement        0.0 u
max displacement            0.0 u
original HPWL         1074828.3 u
legalized HPWL        1098277.0 u
delta HPWL                    2 %

[INFO DPL-0020] Mirrored 12065 instances
[INFO DPL-0021] HPWL before          1098277.0 u
[INFO DPL-0022] HPWL after           1074828.3 u
[INFO DPL-0023] HPWL delta               -2.1 %
Setting global connections for newly added cells…
Writing OpenROAD database to '/openlane/designs/Tensor/runs/PrePre-final_run/results/placement/chip_top.odb'…
Writing netlist to '/openlane/designs/Tensor/runs/PrePre-final_run/results/placement/chip_top.nl.v'…
Writing powered netlist to '/openlane/designs/Tensor/runs/PrePre-final_run/results/placement/chip_top.pnl.v'…
Writing layout to '/openlane/designs/Tensor/runs/PrePre-final_run/results/placement/chip_top.def'…
