
===========================================================================
 report_power
============================================================================
======================= Fastest Corner ===================================

Group                  Internal  Switching    Leakage      Total
                          Power      Power      Power      Power (Watts)
----------------------------------------------------------------
Sequential             1.22e-02   7.34e-03   7.62e-06   1.96e-02  18.2%
Combinational          3.60e-02   5.16e-02   3.21e-07   8.77e-02  81.8%
Macro                  0.00e+00   0.00e+00   0.00e+00   0.00e+00   0.0%
Pad                    0.00e+00   0.00e+00   0.00e+00   0.00e+00   0.0%
----------------------------------------------------------------
Total                  4.83e-02   5.90e-02   7.94e-06   1.07e-01 100.0%
                          45.0%      55.0%       0.0%

======================= Slowest Corner ===================================

Group                  Internal  Switching    Leakage      Total
                          Power      Power      Power      Power (Watts)
----------------------------------------------------------------
Sequential             8.08e-03   4.92e-03   3.17e-05   1.30e-02  18.0%
Combinational          2.49e-02   3.45e-02   1.41e-04   5.95e-02  82.0%
Macro                  0.00e+00   0.00e+00   0.00e+00   0.00e+00   0.0%
Pad                    0.00e+00   0.00e+00   0.00e+00   0.00e+00   0.0%
----------------------------------------------------------------
Total                  3.29e-02   3.94e-02   1.73e-04   7.25e-02 100.0%
                          45.4%      54.3%       0.2%

======================= Typical Corner ===================================

Group                  Internal  Switching    Leakage      Total
                          Power      Power      Power      Power (Watts)
----------------------------------------------------------------
Sequential             1.05e-02   6.25e-03   7.61e-06   1.67e-02  18.0%
Combinational          3.23e-02   4.39e-02   1.58e-07   7.61e-02  82.0%
Macro                  0.00e+00   0.00e+00   0.00e+00   0.00e+00   0.0%
Pad                    0.00e+00   0.00e+00   0.00e+00   0.00e+00   0.0%
----------------------------------------------------------------
Total                  4.27e-02   5.01e-02   7.77e-06   9.28e-02 100.0%
                          46.0%      54.0%       0.0%

