OpenROAD 41a51eaf4ca2171c92ff38afb91eb37bbd3f36da 
This program is licensed under the BSD-3 license. See the LICENSE file for details.
Components of this program may be licensed under more restrictive licenses which must be honored.
[INFO ODB-0222] Reading LEF file: /openlane/designs/Tensor/runs/PrePre-final_run/tmp/merged.nom.lef
[INFO ODB-0223]     Created 14 technology layers
[INFO ODB-0224]     Created 25 technology vias
[INFO ODB-0225]     Created 442 library cells
[INFO ODB-0226] Finished LEF file:  /openlane/designs/Tensor/runs/PrePre-final_run/tmp/merged.nom.lef
[INFO ODB-0127] Reading DEF file: /openlane/designs/Tensor/runs/PrePre-final_run/tmp/signoff/107-chip_top.p.def
[INFO ODB-0128] Design: chip_top
[INFO ODB-0130]     Created 68 pins.
[INFO ODB-0131]     Created 78933 components and 402905 component-terminals.
[INFO ODB-0132]     Created 2 special nets and 298990 connections.
[INFO ODB-0133]     Created 30131 nets and 103776 connections.
[INFO ODB-0134] Finished DEF file: /openlane/designs/Tensor/runs/PrePre-final_run/tmp/signoff/107-chip_top.p.def
define_corners Typical
read_liberty -corner Typical /home/n0b0dy/.ciel/sky130A/libs.ref/sky130_fd_sc_hd/lib/sky130_fd_sc_hd__tt_025C_1v80.lib
read_liberty -corner Typical /home/n0b0dy/.ciel/sky130A/libs.ref/sky130_sram_macros/lib/sky130_sram_1kbyte_1rw1r_8x1024_8_TT_1p8V_25C.lib
Using 1e-12 for capacitance...
Using 1e+03 for resistance...
Using 1e-09 for time...
Using 1e+00 for voltage...
Using 1e-03 for current...
Using 1e-09 for power...
Using 1e-06 for distance...
Reading design constraints file at '/openlane/designs/Tensor/runs/PrePre-final_run/tmp/86-chip_top.sdc'…
[WARNING] Did not save OpenROAD database!
Writing netlist to '/openlane/designs/Tensor/runs/PrePre-final_run/tmp/signoff/107-chip_top.nl.v'…
Writing powered netlist to '/openlane/designs/Tensor/runs/PrePre-final_run/tmp/signoff/107-chip_top.pnl.v'…
