
===========================================================================
 report_power
============================================================================
======================= Fastest Corner ===================================

Group                  Internal  Switching    Leakage      Total
                          Power      Power      Power      Power (Watts)
----------------------------------------------------------------
Sequential             1.23e-02   6.95e-03   7.62e-06   1.92e-02  18.3%
Combinational          3.60e-02   4.95e-02   3.21e-07   8.56e-02  81.7%
Macro                  0.00e+00   0.00e+00   0.00e+00   0.00e+00   0.0%
Pad                    0.00e+00   0.00e+00   0.00e+00   0.00e+00   0.0%
----------------------------------------------------------------
Total                  4.83e-02   5.65e-02   7.94e-06   1.05e-01 100.0%
                          46.1%      53.9%       0.0%

======================= Slowest Corner ===================================

Group                  Internal  Switching    Leakage      Total
                          Power      Power      Power      Power (Watts)
----------------------------------------------------------------
Sequential             8.12e-03   4.66e-03   3.17e-05   1.28e-02  18.1%
Combinational          2.49e-02   3.31e-02   1.41e-04   5.81e-02  81.9%
Macro                  0.00e+00   0.00e+00   0.00e+00   0.00e+00   0.0%
Pad                    0.00e+00   0.00e+00   0.00e+00   0.00e+00   0.0%
----------------------------------------------------------------
Total                  3.30e-02   3.77e-02   1.73e-04   7.09e-02 100.0%
                          46.5%      53.2%       0.2%

======================= Typical Corner ===================================

Group                  Internal  Switching    Leakage      Total
                          Power      Power      Power      Power (Watts)
----------------------------------------------------------------
Sequential             1.05e-02   5.91e-03   7.61e-06   1.64e-02  18.1%
Combinational          3.23e-02   4.21e-02   1.58e-07   7.43e-02  81.9%
Macro                  0.00e+00   0.00e+00   0.00e+00   0.00e+00   0.0%
Pad                    0.00e+00   0.00e+00   0.00e+00   0.00e+00   0.0%
----------------------------------------------------------------
Total                  4.28e-02   4.80e-02   7.77e-06   9.08e-02 100.0%
                          47.1%      52.9%       0.0%

