OpenROAD 41a51eaf4ca2171c92ff38afb91eb37bbd3f36da 
This program is licensed under the BSD-3 license. See the LICENSE file for details.
Components of this program may be licensed under more restrictive licenses which must be honored.
[INFO]: Reading ODB at '/openlane/designs/Tensor/runs/PrePre-final_run/results/cts/chip_top.odb'…
define_corners Slowest Typical Fastest
read_liberty -corner Slowest /home/n0b0dy/.ciel/sky130A/libs.ref/sky130_fd_sc_hd/lib/sky130_fd_sc_hd__ss_100C_1v60.lib
read_liberty -corner Slowest /home/n0b0dy/.ciel/sky130A/libs.ref/sky130_sram_macros/lib/sky130_sram_1kbyte_1rw1r_8x1024_8_TT_1p8V_25C.lib
read_liberty -corner Typical /home/n0b0dy/.ciel/sky130A/libs.ref/sky130_fd_sc_hd/lib/sky130_fd_sc_hd__tt_025C_1v80.lib
read_liberty -corner Typical /home/n0b0dy/.ciel/sky130A/libs.ref/sky130_sram_macros/lib/sky130_sram_1kbyte_1rw1r_8x1024_8_TT_1p8V_25C.lib
[WARNING STA-0053] /home/n0b0dy/.ciel/sky130A/libs.ref/sky130_sram_macros/lib/sky130_sram_1kbyte_1rw1r_8x1024_8_TT_1p8V_25C.lib line 1, library sky130_sram_1kbyte_1rw1r_8x1024_8_TT_1p8V_25C_lib already exists.
read_liberty -corner Fastest /home/n0b0dy/.ciel/sky130A/libs.ref/sky130_fd_sc_hd/lib/sky130_fd_sc_hd__ff_n40C_1v95.lib
read_liberty -corner Fastest /home/n0b0dy/.ciel/sky130A/libs.ref/sky130_sram_macros/lib/sky130_sram_1kbyte_1rw1r_8x1024_8_TT_1p8V_25C.lib
[WARNING STA-0053] /home/n0b0dy/.ciel/sky130A/libs.ref/sky130_sram_macros/lib/sky130_sram_1kbyte_1rw1r_8x1024_8_TT_1p8V_25C.lib line 1, library sky130_sram_1kbyte_1rw1r_8x1024_8_TT_1p8V_25C_lib already exists.
Using 1e-12 for capacitance...
Using 1e+03 for resistance...
Using 1e-09 for time...
Using 1e+00 for voltage...
Using 1e-03 for current...
Using 1e-09 for power...
Using 1e-06 for distance...
Reading design constraints file at '/openlane/designs/Tensor/runs/PrePre-final_run/results/cts/chip_top.sdc'…
[INFO]: Setting RC values...
[INFO RSZ-0045] Inserted 242 buffers, 1 to split loads.
[INFO RSZ-0041] Resized 645 instances.
[WARNING RSZ-0062] Unable to repair all setup violations.
[INFO RSZ-0033] No hold violations found.
Placement Analysis
---------------------------------
total displacement       3266.8 u
average displacement        0.1 u
max displacement            8.7 u
original HPWL         1103455.0 u
legalized HPWL        1130744.2 u
delta HPWL                    2 %

[INFO DPL-0020] Mirrored 12282 instances
[INFO DPL-0021] HPWL before          1130744.2 u
[INFO DPL-0022] HPWL after           1105879.3 u
[INFO DPL-0023] HPWL delta               -2.2 %
Setting global connections for newly added cells…
Writing OpenROAD database to '/openlane/designs/Tensor/runs/PrePre-final_run/tmp/cts/83-chip_top.resized.odb'…
Writing netlist to '/openlane/designs/Tensor/runs/PrePre-final_run/tmp/cts/83-chip_top.resized.nl.v'…
Writing powered netlist to '/openlane/designs/Tensor/runs/PrePre-final_run/tmp/cts/83-chip_top.resized.pnl.v'…
Writing layout to '/openlane/designs/Tensor/runs/PrePre-final_run/tmp/cts/83-chip_top.resized.def'…
Writing timing constraints to '/openlane/designs/Tensor/runs/PrePre-final_run/tmp/cts/83-chip_top.resized.sdc'…
area_report

===========================================================================
report_design_area
============================================================================
Design area 857964 u^2 72% utilization.
area_report_end
