OpenROAD 41a51eaf4ca2171c92ff38afb91eb37bbd3f36da 
This program is licensed under the BSD-3 license. See the LICENSE file for details.
Components of this program may be licensed under more restrictive licenses which must be honored.
define_corners Typical
read_liberty -corner Typical /home/n0b0dy/.ciel/sky130A/libs.ref/sky130_fd_sc_hd/lib/sky130_fd_sc_hd__tt_025C_1v80.lib
read_liberty -corner Typical /home/n0b0dy/.ciel/sky130A/libs.ref/sky130_sram_macros/lib/sky130_sram_1kbyte_1rw1r_8x1024_8_TT_1p8V_25C.lib
Using 1e-12 for capacitance...
Using 1e+03 for resistance...
Using 1e-09 for time...
Using 1e+00 for voltage...
Using 1e-03 for current...
Using 1e-09 for power...
Using 1e-06 for distance...
[INFO ODB-0222] Reading LEF file: /openlane/designs/Tensor/runs/PrePre-final_run/tmp/merged.nom.lef
[INFO ODB-0223]     Created 14 technology layers
[INFO ODB-0224]     Created 25 technology vias
[INFO ODB-0225]     Created 442 library cells
[INFO ODB-0226] Finished LEF file:  /openlane/designs/Tensor/runs/PrePre-final_run/tmp/merged.nom.lef
Reading netlist '/openlane/designs/Tensor/runs/PrePre-final_run/results/synthesis/chip_top.v'…
[WARNING ORD-1011] LEF master sky130_sram_1kbyte_1rw1r_32x256_8 has no liberty cell.
Reading design constraints file at '/home/n0b0dy/OpenLane/designs/Tensor/chip_top.sdc'…
[WARNING STA-0328] port 'addr1[*]' not found.
[WARNING STA-0328] port 'csb1' not found.
[INFO] Using the set CORE_AREA; ignoring core margin parameters
[INFO IFP-0001] Added 372 rows of 2562 site unithd with height 1.
[INFO IFP-0030] Inserted 0 tiecells using sky130_fd_sc_hd__conb_1/LO.
[INFO IFP-0030] Inserted 0 tiecells using sky130_fd_sc_hd__conb_1/HI.
[INFO] Extracting DIE_AREA and CORE_AREA from the floorplan
[INFO] Floorplanned on a die area of 0.0 0.0 1202.45 1037.89 (microns). Saving to /openlane/designs/Tensor/runs/PrePre-final_run/reports/floorplan/71-initial_fp_die_area.rpt.
[INFO] Floorplanned on a core area of 11.04 10.88 1189.56 1022.72 (microns). Saving to /openlane/designs/Tensor/runs/PrePre-final_run/reports/floorplan/71-initial_fp_core_area.rpt.
Setting global connections for newly added cells…
Writing OpenROAD database to '/openlane/designs/Tensor/runs/PrePre-final_run/tmp/floorplan/71-initial_fp.odb'…
Writing layout to '/openlane/designs/Tensor/runs/PrePre-final_run/tmp/floorplan/71-initial_fp.def'…
Writing timing constraints to '/openlane/designs/Tensor/runs/PrePre-final_run/tmp/floorplan/71-initial_fp.sdc'…
