OpenROAD 41a51eaf4ca2171c92ff38afb91eb37bbd3f36da 
This program is licensed under the BSD-3 license. See the LICENSE file for details.
Components of this program may be licensed under more restrictive licenses which must be honored.
[INFO]: Reading ODB at '/openlane/designs/Tensor/runs/PrePre-final_run/tmp/floorplan/74-tapcell.odb'…
define_corners Typical
read_liberty -corner Typical /home/n0b0dy/.ciel/sky130A/libs.ref/sky130_fd_sc_hd/lib/sky130_fd_sc_hd__tt_025C_1v80.lib
read_liberty -corner Typical /home/n0b0dy/.ciel/sky130A/libs.ref/sky130_sram_macros/lib/sky130_sram_1kbyte_1rw1r_8x1024_8_TT_1p8V_25C.lib
Using 1e-12 for capacitance...
Using 1e+03 for resistance...
Using 1e-09 for time...
Using 1e+00 for voltage...
Using 1e-03 for current...
Using 1e-09 for power...
Using 1e-06 for distance...
Reading design constraints file at '/openlane/designs/Tensor/runs/PrePre-final_run/tmp/floorplan/71-initial_fp.sdc'…
[INFO PDN-0001] Inserting grid: stdcell_grid
[INFO PDN-0001] Inserting grid: macro - u_mem_a
[INFO PDN-0001] Inserting grid: macro - u_mem_b
[INFO PDN-0001] Inserting grid: macro - u_mem_c
[WARNING PSM-0016] Voltage pad location (VSRC) file not specified, defaulting pad location to checkerboard pattern on core area.
[WARNING PSM-0017] X direction bump pitch is not specified, defaulting to 140um.
[WARNING PSM-0018] Y direction bump pitch is not specified, defaulting to 140um.
[WARNING PSM-0019] Voltage on net VPWR is not explicitly set.
[WARNING PSM-0022] Using voltage 1.800V for VDD network.
[WARNING PSM-0065] VSRC location not specified, using default checkerboard pattern with one VDD every size bumps in x-direction and one in two bumps in the y-direction
[INFO PSM-0076] Setting metal node density to be standard cell height times 5.
[WARNING PSM-0030] VSRC location at (110.300um, 96.800um) and size 10.000um, is not located on an existing power stripe node. Moving to closest node at (20.670um, 110.880um).
[WARNING PSM-0030] VSRC location at (950.300um, 96.800um) and size 10.000um, is not located on an existing power stripe node. Moving to closest node at (947.010um, 110.880um).
[WARNING PSM-0030] VSRC location at (390.300um, 236.800um) and size 10.000um, is not located on an existing power stripe node. Moving to closest node at (489.190um, 270.880um).
[WARNING PSM-0030] VSRC location at (670.300um, 376.800um) and size 10.000um, is not located on an existing power stripe node. Moving to closest node at (671.040um, 350.880um).
[WARNING PSM-0030] VSRC location at (110.300um, 516.800um) and size 10.000um, is not located on an existing power stripe node. Moving to closest node at (111.040um, 510.880um).
[WARNING PSM-0030] VSRC location at (950.300um, 516.800um) and size 10.000um, is not located on an existing power stripe node. Moving to closest node at (911.040um, 510.880um).
[WARNING PSM-0030] VSRC location at (390.300um, 656.800um) and size 10.000um, is not located on an existing power stripe node. Moving to closest node at (351.040um, 590.880um).
[WARNING PSM-0030] VSRC location at (670.300um, 796.800um) and size 10.000um, is not located on an existing power stripe node. Moving to closest node at (671.040um, 830.880um).
[WARNING PSM-0030] VSRC location at (110.300um, 936.800um) and size 10.000um, is not located on an existing power stripe node. Moving to closest node at (20.670um, 910.880um).
[WARNING PSM-0030] VSRC location at (950.300um, 936.800um) and size 10.000um, is not located on an existing power stripe node. Moving to closest node at (911.040um, 910.880um).
[INFO PSM-0031] Number of PDN nodes on net VPWR = 15898.
[INFO PSM-0064] Number of voltage sources = 10.
[INFO PSM-0040] All PDN stripes on net VPWR are connected.
[WARNING PSM-0016] Voltage pad location (VSRC) file not specified, defaulting pad location to checkerboard pattern on core area.
[WARNING PSM-0017] X direction bump pitch is not specified, defaulting to 140um.
[WARNING PSM-0018] Y direction bump pitch is not specified, defaulting to 140um.
[WARNING PSM-0019] Voltage on net VGND is not explicitly set.
[WARNING PSM-0021] Using voltage 0.000V for ground network.
[WARNING PSM-0065] VSRC location not specified, using default checkerboard pattern with one VDD every size bumps in x-direction and one in two bumps in the y-direction
[INFO PSM-0076] Setting metal node density to be standard cell height times 5.
[WARNING PSM-0030] VSRC location at (110.300um, 96.800um) and size 10.000um, is not located on an existing power stripe node. Moving to closest node at (17.270um, 117.580um).
[WARNING PSM-0030] VSRC location at (950.300um, 96.800um) and size 10.000um, is not located on an existing power stripe node. Moving to closest node at (947.010um, 117.580um).
[WARNING PSM-0030] VSRC location at (390.300um, 236.800um) and size 10.000um, is not located on an existing power stripe node. Moving to closest node at (492.590um, 197.580um).
[WARNING PSM-0030] VSRC location at (670.300um, 376.800um) and size 10.000um, is not located on an existing power stripe node. Moving to closest node at (675.140um, 357.580um).
[WARNING PSM-0030] VSRC location at (950.300um, 516.800um) and size 10.000um, is not located on an existing power stripe node. Moving to closest node at (915.140um, 517.580um).
[WARNING PSM-0030] VSRC location at (390.300um, 656.800um) and size 10.000um, is not located on an existing power stripe node. Moving to closest node at (355.140um, 597.580um).
[WARNING PSM-0030] VSRC location at (670.300um, 796.800um) and size 10.000um, is not located on an existing power stripe node. Moving to closest node at (675.140um, 757.580um).
[WARNING PSM-0030] VSRC location at (110.300um, 936.800um) and size 10.000um, is not located on an existing power stripe node. Moving to closest node at (17.270um, 917.580um).
[WARNING PSM-0030] VSRC location at (950.300um, 936.800um) and size 10.000um, is not located on an existing power stripe node. Moving to closest node at (915.140um, 917.580um).
[INFO PSM-0031] Number of PDN nodes on net VGND = 15920.
[INFO PSM-0064] Number of voltage sources = 10.
[INFO PSM-0040] All PDN stripes on net VGND are connected.
Setting global connections for newly added cells…
Writing OpenROAD database to '/openlane/designs/Tensor/runs/PrePre-final_run/results/floorplan/chip_top.odb'…
Writing layout to '/openlane/designs/Tensor/runs/PrePre-final_run/results/floorplan/chip_top.def'…
