
===========================================================================
 report_power
============================================================================
======================= Fastest Corner ===================================

Group                  Internal  Switching    Leakage      Total
                          Power      Power      Power      Power (Watts)
----------------------------------------------------------------
Sequential             1.35e-02   7.04e-03   7.61e-06   2.06e-02  18.4%
Combinational          3.95e-02   5.15e-02   3.20e-07   9.10e-02  81.6%
Macro                  0.00e+00   0.00e+00   0.00e+00   0.00e+00   0.0%
Pad                    0.00e+00   0.00e+00   0.00e+00   0.00e+00   0.0%
----------------------------------------------------------------
Total                  5.30e-02   5.85e-02   7.93e-06   1.12e-01 100.0%
                          47.5%      52.5%       0.0%

======================= Slowest Corner ===================================

Group                  Internal  Switching    Leakage      Total
                          Power      Power      Power      Power (Watts)
----------------------------------------------------------------
Sequential             8.95e-03   4.72e-03   3.17e-05   1.37e-02  18.2%
Combinational          2.72e-02   3.44e-02   1.41e-04   6.17e-02  81.8%
Macro                  0.00e+00   0.00e+00   0.00e+00   0.00e+00   0.0%
Pad                    0.00e+00   0.00e+00   0.00e+00   0.00e+00   0.0%
----------------------------------------------------------------
Total                  3.62e-02   3.91e-02   1.73e-04   7.54e-02 100.0%
                          48.0%      51.8%       0.2%

======================= Typical Corner ===================================

Group                  Internal  Switching    Leakage      Total
                          Power      Power      Power      Power (Watts)
----------------------------------------------------------------
Sequential             1.16e-02   5.99e-03   7.60e-06   1.76e-02  18.2%
Combinational          3.54e-02   4.37e-02   1.57e-07   7.91e-02  81.8%
Macro                  0.00e+00   0.00e+00   0.00e+00   0.00e+00   0.0%
Pad                    0.00e+00   0.00e+00   0.00e+00   0.00e+00   0.0%
----------------------------------------------------------------
Total                  4.70e-02   4.97e-02   7.76e-06   9.67e-02 100.0%
                          48.6%      51.4%       0.0%

